
  .   ____          _            __ _ _
 /\\ / ___'_ __ _ _(_)_ __  __ _ \ \ \ \
( ( )\___ | '_ | '_| | '_ \/ _` | \ \ \ \
 \\/  ___)| |_)| | | | | || (_| |  ) ) ) )
  '  |____| .__|_| |_|_| |_\__, | / / / /
 =========|_|==============|___/=/_/_/_/

 :: Spring Boot ::                (v4.0.6)

2026-05-10T17:06:16.010+05:30  INFO 11376 --- [productservice] [           main] c.s.p.ProductserviceApplication          : Starting ProductserviceApplication using Java 21.0.10 with PID 11376 (C:\Users\Ishika Baid\Desktop\Project\productservice\target\classes started by Ishika Baid in C:\Users\Ishika Baid\Desktop\Project\productservice)
2026-05-10T17:06:16.033+05:30  INFO 11376 --- [productservice] [           main] c.s.p.ProductserviceApplication          : No active profile set, falling back to 1 default profile: "default"
2026-05-10T17:06:19.104+05:30  INFO 11376 --- [productservice] [           main] .s.d.r.c.RepositoryConfigurationDelegate : Bootstrapping Spring Data JPA repositories in DEFAULT mode.
2026-05-10T17:06:19.309+05:30  INFO 11376 --- [productservice] [           main] .s.d.r.c.RepositoryConfigurationDelegate : Finished Spring Data repository scanning in 161 ms. Found 2 JPA repository interfaces.
2026-05-10T17:06:23.180+05:30  INFO 11376 --- [productservice] [           main] o.s.boot.tomcat.TomcatWebServer          : Tomcat initialized with port 8080 (http)
2026-05-10T17:06:23.245+05:30  INFO 11376 --- [productservice] [           main] o.apache.catalina.core.StandardService   : Starting service [Tomcat]
2026-05-10T17:06:23.246+05:30  INFO 11376 --- [productservice] [           main] o.apache.catalina.core.StandardEngine    : Starting Servlet engine: [Apache Tomcat/11.0.21]
2026-05-10T17:06:23.565+05:30  INFO 11376 --- [productservice] [           main] b.w.c.s.WebApplicationContextInitializer : Root WebApplicationContext: initialization completed in 7310 ms
2026-05-10T17:06:24.390+05:30  INFO 11376 --- [productservice] [           main] com.zaxxer.hikari.HikariDataSource       : HikariPool-1 - Starting...
2026-05-10T17:06:25.192+05:30  INFO 11376 --- [productservice] [           main] com.zaxxer.hikari.pool.HikariPool        : HikariPool-1 - Added connection conn0: url=jdbc:h2:mem:userDB user=SA
2026-05-10T17:06:25.198+05:30  INFO 11376 --- [productservice] [           main] com.zaxxer.hikari.HikariDataSource       : HikariPool-1 - Start completed.
2026-05-10T17:06:25.322+05:30  INFO 11376 --- [productservice] [           main] org.hibernate.orm.jpa                    : HHH008540: Processing PersistenceUnitInfo [name: default]
2026-05-10T17:06:25.671+05:30  INFO 11376 --- [productservice] [           main] org.hibernate.orm.core                   : HHH000001: Hibernate ORM core version 7.2.12.Final
2026-05-10T17:06:27.960+05:30  INFO 11376 --- [productservice] [           main] o.s.o.j.p.SpringPersistenceUnitInfo      : No LoadTimeWeaver setup: ignoring JPA class transformer
2026-05-10T17:06:28.344+05:30  INFO 11376 --- [productservice] [           main] org.hibernate.orm.connections.pooling    : HHH10001005: Database info:
	Database JDBC URL [jdbc:h2:mem:userDB]
	Database driver: H2 JDBC Driver
	Database dialect: H2Dialect
	Database version: 2.4.240
	Default catalog/schema: USERDB/PUBLIC
	Autocommit mode: undefined/unknown
	Isolation level: READ_COMMITTED [default READ_COMMITTED]
	JDBC fetch size: 100
	Pool: DataSourceConnectionProvider
	Minimum pool size: undefined/unknown
	Maximum pool size: undefined/unknown
2026-05-10T17:06:32.014+05:30  INFO 11376 --- [productservice] [           main] org.hibernate.orm.core                   : HHH000489: No JTA platform available (set 'hibernate.transaction.jta.platform' to enable JTA platform integration)
Hibernate: 
    drop table if exists address_details cascade 
Hibernate: 
    drop table if exists auth_user cascade 
Hibernate: 
    drop table if exists inventory_details cascade 
Hibernate: 
    drop table if exists order_details cascade 
Hibernate: 
    drop table if exists order_item_details cascade 
Hibernate: 
    drop table if exists product_details cascade 
Hibernate: 
    drop table if exists user_details cascade 
Hibernate: 
    create table address_details (
        id bigint generated by default as identity,
        city varchar(255) not null,
        country varchar(255) not null,
        line1 varchar(255) not null,
        line2 varchar(255),
        postal_code varchar(255) not null,
        state varchar(255) not null,
        primary key (id)
    )
Hibernate: 
    create table auth_user (
        id bigint generated by default as identity,
        email varchar(255) unique,
        password varchar(255),
        role varchar(255),
        username varchar(255),
        primary key (id)
    )
Hibernate: 
    create table inventory_details (
        stock integer,
        inventory_id bigint generated by default as identity,
        primary key (inventory_id)
    )
Hibernate: 
    create table order_details (
        total_amount numeric(38,2) not null,
        id bigint generated by default as identity,
        order_date timestamp(6) not null,
        user_id bigint,
        status varchar(255),
        primary key (id)
    )
Hibernate: 
    create table order_item_details (
        quantity integer not null check ((quantity>=1)),
        sub_total numeric(38,2) not null,
        unit_price numeric(38,2) not null,
        id bigint generated by default as identity,
        order_id bigint,
        product_id bigint not null,
        primary key (id)
    )
Hibernate: 
    create table product_details (
        available boolean,
        price numeric(38,2),
        created_at timestamp(6),
        id bigint generated by default as identity,
        inventory_id bigint unique,
        updated_at timestamp(6),
        brand varchar(255),
        category varchar(255),
        description varchar(255),
        name varchar(255),
        primary key (id)
    )
Hibernate: 
    create table user_details (
        address_id bigint unique,
        id bigint generated by default as identity,
        email varchar(255) not null,
        name varchar(255) not null,
        primary key (id)
    )
Hibernate: 
    alter table if exists order_details 
       add constraint FKeb5uojhw9sgiuvlftvokkn3f 
       foreign key (user_id) 
       references user_details
Hibernate: 
    alter table if exists order_item_details 
       add constraint FKji5um7euahk2ebyittcmvjagg 
       foreign key (order_id) 
       references order_details
Hibernate: 
    alter table if exists product_details 
       add constraint FKbrshqh0t4v53yf21526r1cfqv 
       foreign key (inventory_id) 
       references inventory_details
Hibernate: 
    alter table if exists user_details 
       add constraint FKcj9460q6v8obg2uh10yi398sm 
       foreign key (address_id) 
       references address_details
2026-05-10T17:06:32.206+05:30  INFO 11376 --- [productservice] [           main] j.LocalContainerEntityManagerFactoryBean : Initialized JPA EntityManagerFactory for persistence unit 'default'
2026-05-10T17:06:32.817+05:30  INFO 11376 --- [productservice] [           main] o.s.d.j.r.query.QueryEnhancerFactories   : Hibernate is in classpath; If applicable, HQL parser will be used.
2026-05-10T17:06:35.135+05:30  WARN 11376 --- [productservice] [           main] JpaBaseConfiguration$JpaWebConfiguration : spring.jpa.open-in-view is enabled by default. Therefore, database queries may be performed during view rendering. Explicitly configure spring.jpa.open-in-view to disable this warning
2026-05-10T17:06:35.708+05:30  INFO 11376 --- [productservice] [           main] r$InitializeUserDetailsManagerConfigurer : Global AuthenticationManager configured with UserDetailsService bean with name authUserDetailsService
2026-05-10T17:06:38.374+05:30  INFO 11376 --- [productservice] [           main] o.s.boot.tomcat.TomcatWebServer          : Tomcat started on port 8080 (http) with context path '/'
2026-05-10T17:06:38.391+05:30  INFO 11376 --- [productservice] [           main] c.s.p.ProductserviceApplication          : Started ProductserviceApplication in 25.248 seconds (process running for 27.248)
2026-05-10T17:07:32.115+05:30  INFO 11376 --- [productservice] [nio-8080-exec-1] o.a.c.c.C.[Tomcat].[localhost].[/]       : Initializing Spring DispatcherServlet 'dispatcherServlet'
2026-05-10T17:07:32.116+05:30  INFO 11376 --- [productservice] [nio-8080-exec-1] o.s.web.servlet.DispatcherServlet        : Initializing Servlet 'dispatcherServlet'
2026-05-10T17:07:32.120+05:30  INFO 11376 --- [productservice] [nio-8080-exec-1] o.s.web.servlet.DispatcherServlet        : Completed initialization in 3 ms
2026-05-10T17:07:32.866+05:30  INFO 11376 --- [productservice] [nio-8080-exec-1] c.sistore.productservice.aspect.Logging  : Method Execution started successfully---------2026-05-10T17:07:32.861965500 ,Executing method: String com.sistore.productservice.service.AuthService.register(RegisterRequest)
Hibernate: 
    insert 
    into
        auth_user
        (email, password, role, username, id) 
    values
        (?, ?, ?, ?, default)
2026-05-10T17:07:33.685+05:30  INFO 11376 --- [productservice] [nio-8080-exec-1] c.sistore.productservice.aspect.Logging  : Method String com.sistore.productservice.service.AuthService.register(RegisterRequest) executed in 818 ms
2026-05-10T17:08:17.431+05:30  INFO 11376 --- [productservice] [io-8080-exec-10] c.sistore.productservice.aspect.Logging  : Method Execution started successfully---------2026-05-10T17:08:17.431443800 ,Executing method: AuthResponse com.sistore.productservice.service.AuthService.login(LoginRequest)
Hibernate: 
    select
        au1_0.id,
        au1_0.email,
        au1_0.password,
        au1_0.role,
        au1_0.username 
    from
        auth_user au1_0 
    where
        au1_0.email=?
2026-05-10T17:08:18.792+05:30  INFO 11376 --- [productservice] [io-8080-exec-10] c.sistore.productservice.aspect.Logging  : Method AuthResponse com.sistore.productservice.service.AuthService.login(LoginRequest) executed in 1361 ms
2026-05-10T17:09:18.587+05:30  INFO 11376 --- [productservice] [nio-8080-exec-5] c.sistore.productservice.aspect.Logging  : Method Execution started successfully---------2026-05-10T17:09:18.587084500 ,Executing method: UserDetails com.sistore.productservice.security.AuthUserDetailsService.loadUserByUsername(String)
Hibernate: 
    select
        au1_0.id,
        au1_0.email,
        au1_0.password,
        au1_0.role,
        au1_0.username 
    from
        auth_user au1_0 
    where
        au1_0.email=?
2026-05-10T17:09:18.658+05:30  INFO 11376 --- [productservice] [nio-8080-exec-5] c.sistore.productservice.aspect.Logging  : Method UserDetails com.sistore.productservice.security.AuthUserDetailsService.loadUserByUsername(String) executed in 71 ms
Logging before save Product method----------------------------
2026-05-10T17:09:18.801+05:30  INFO 11376 --- [productservice] [nio-8080-exec-5] c.sistore.productservice.aspect.Logging  : Method Execution started successfully---------2026-05-10T17:09:18.801634300 ,Executing method: ProductResponse com.sistore.productservice.service.ProductServiceImpl.saveProduct(ProductRequest)
Hibernate: 
    insert 
    into
        inventory_details
        (stock, inventory_id) 
    values
        (?, default)
Hibernate: 
    insert 
    into
        product_details
        (available, brand, category, created_at, description, inventory_id, name, price, updated_at, id) 
    values
        (?, ?, ?, ?, ?, ?, ?, ?, ?, default)
2026-05-10T17:09:18.830+05:30  INFO 11376 --- [productservice] [nio-8080-exec-5] c.sistore.productservice.aspect.Logging  : Method ProductResponse com.sistore.productservice.service.ProductServiceImpl.saveProduct(ProductRequest) executed in 28 ms
2026-05-10T17:11:25.187+05:30  INFO 11376 --- [productservice] [ionShutdownHook] o.s.boot.tomcat.GracefulShutdown         : Commencing graceful shutdown. Waiting for active requests to complete
2026-05-10T17:11:25.216+05:30  INFO 11376 --- [productservice] [tomcat-shutdown] o.s.boot.tomcat.GracefulShutdown         : Graceful shutdown complete
2026-05-10T17:11:25.235+05:30  INFO 11376 --- [productservice] [ionShutdownHook] j.LocalContainerEntityManagerFactoryBean : Closing JPA EntityManagerFactory for persistence unit 'default'
Hibernate: 
    drop table if exists address_details cascade 
Hibernate: 
    drop table if exists auth_user cascade 
Hibernate: 
    drop table if exists inventory_details cascade 
Hibernate: 
    drop table if exists order_details cascade 
Hibernate: 
    drop table if exists order_item_details cascade 
Hibernate: 
    drop table if exists product_details cascade 
Hibernate: 
    drop table if exists user_details cascade 
2026-05-10T17:11:25.277+05:30  INFO 11376 --- [productservice] [ionShutdownHook] com.zaxxer.hikari.HikariDataSource       : HikariPool-1 - Shutdown initiated...
2026-05-10T17:11:25.282+05:30  INFO 11376 --- [productservice] [ionShutdownHook] com.zaxxer.hikari.HikariDataSource       : HikariPool-1 - Shutdown completed.
